bun test v1.2.10 (db2e7d7f)

lib/__tests__/local-storage.test.ts:
44 | 
45 | describe("local-storage", () => {
46 |   beforeEach(() => {
47 |     localStorageMock = createLocalStorageMock();
48 |     // Stub both window and localStorage as the module uses both
49 |     vi.stubGlobal("window", {
            ^
TypeError: vi.stubGlobal is not a function. (In 'vi.stubGlobal("window", {
      localStorage: localStorageMock,
      dispatchEvent: vi.fn()
    })', 'vi.stubGlobal' is undefined)
      at <anonymous> (/Users/andretran/Desktop/yurie/lib/__tests__/local-storage.test.ts:49:8)
(fail) local-storage > getChats > should return empty array when no chats exist [16066192.31ms]

# Unhandled error between tests
-------------------------------
52 |     });
53 |     vi.stubGlobal("localStorage", localStorageMock);
54 |   });
55 | 
56 |   afterEach(() => {
57 |     vi.unstubAllGlobals();
            ^
TypeError: vi.unstubAllGlobals is not a function. (In 'vi.unstubAllGlobals()', 'vi.unstubAllGlobals' is undefined)
      at <anonymous> (/Users/andretran/Desktop/yurie/lib/__tests__/local-storage.test.ts:57:8)
-------------------------------

(fail) local-storage > getChats > should return empty array when no chats exist
44 | 
45 | describe("local-storage", () => {
46 |   beforeEach(() => {
47 |     localStorageMock = createLocalStorageMock();
48 |     // Stub both window and localStorage as the module uses both
49 |     vi.stubGlobal("window", {
            ^
TypeError: vi.stubGlobal is not a function. (In 'vi.stubGlobal("window", {
      localStorage: localStorageMock,
      dispatchEvent: vi.fn()
    })', 'vi.stubGlobal' is undefined)
      at <anonymous> (/Users/andretran/Desktop/yurie/lib/__tests__/local-storage.test.ts:49:8)
(fail) local-storage > getChats > should return empty array when localStorage returns invalid JSON [16066192.49ms]

# Unhandled error between tests
-------------------------------
52 |     });
53 |     vi.stubGlobal("localStorage", localStorageMock);
54 |   });
55 | 
56 |   afterEach(() => {
57 |     vi.unstubAllGlobals();
            ^
TypeError: vi.unstubAllGlobals is not a function. (In 'vi.unstubAllGlobals()', 'vi.unstubAllGlobals' is undefined)
      at <anonymous> (/Users/andretran/Desktop/yurie/lib/__tests__/local-storage.test.ts:57:8)
-------------------------------

(fail) local-storage > getChats > should return empty array when localStorage returns invalid JSON
44 | 
45 | describe("local-storage", () => {
46 |   beforeEach(() => {
47 |     localStorageMock = createLocalStorageMock();
48 |     // Stub both window and localStorage as the module uses both
49 |     vi.stubGlobal("window", {
            ^
TypeError: vi.stubGlobal is not a function. (In 'vi.stubGlobal("window", {
      localStorage: localStorageMock,
      dispatchEvent: vi.fn()
    })', 'vi.stubGlobal' is undefined)
      at <anonymous> (/Users/andretran/Desktop/yurie/lib/__tests__/local-storage.test.ts:49:8)
(fail) local-storage > getChats > should return chats from localStorage [16066192.49ms]

# Unhandled error between tests
-------------------------------
52 |     });
53 |     vi.stubGlobal("localStorage", localStorageMock);
54 |   });
55 | 
56 |   afterEach(() => {
57 |     vi.unstubAllGlobals();
            ^
TypeError: vi.unstubAllGlobals is not a function. (In 'vi.unstubAllGlobals()', 'vi.unstubAllGlobals' is undefined)
      at <anonymous> (/Users/andretran/Desktop/yurie/lib/__tests__/local-storage.test.ts:57:8)
-------------------------------

(fail) local-storage > getChats > should return chats from localStorage
44 | 
45 | describe("local-storage", () => {
46 |   beforeEach(() => {
47 |     localStorageMock = createLocalStorageMock();
48 |     // Stub both window and localStorage as the module uses both
49 |     vi.stubGlobal("window", {
            ^
TypeError: vi.stubGlobal is not a function. (In 'vi.stubGlobal("window", {
      localStorage: localStorageMock,
      dispatchEvent: vi.fn()
    })', 'vi.stubGlobal' is undefined)
      at <anonymous> (/Users/andretran/Desktop/yurie/lib/__tests__/local-storage.test.ts:49:8)
(fail) local-storage > getChats > should return empty array when window is undefined [16066192.59ms]

# Unhandled error between tests
-------------------------------
52 |     });
53 |     vi.stubGlobal("localStorage", localStorageMock);
54 |   });
55 | 
56 |   afterEach(() => {
57 |     vi.unstubAllGlobals();
            ^
TypeError: vi.unstubAllGlobals is not a function. (In 'vi.unstubAllGlobals()', 'vi.unstubAllGlobals' is undefined)
      at <anonymous> (/Users/andretran/Desktop/yurie/lib/__tests__/local-storage.test.ts:57:8)
-------------------------------

(fail) local-storage >  *n╚²  eturn empty array when window is undefined
44 | 
45 | describe("local-storage", () => {
46 |   beforeEach(() => {
47 |     localStorageMock = createLocalStorageMock();
48 |     // Stub both window and localStorage as the module uses both
49 |     vi.stubGlobal("window", {
            ^
TypeError: vi.stubGlobal is not a function. (In 'vi.stubGlobal("window", {
      localStorage: localStorageMock,
      dispatchEvent: vi.fn()
    })', 'vi.stubGlobal' is undefined)
      at <anonymous> (/Users/andretran/Desktop/yurie/lib/__tests__/local-storage.test.ts:49:8)
(fail) local-storage > getChat > should return null when chat does not exist [16066192.64ms]

# Unhandled error between tests
-------------------------------
52 |     });
53 |     vi.stubGlobal("localStorage", localStorageMock);
54 |   });
55 | 
56 |   afterEach(() => {
57 |     vi.unstubAllGlobals();
            ^
TypeError: vi.unstubAllGlobals is not a function. (In 'vi.unstubAllGlobals()', 'vi.unstubAllGlobals' is undefined)
      at <anonymous> (/Users/andretran/Desktop/yurie/lib/__tests__/local-storage.test.ts:57:8)
-------------------------------

(fail) local-storage > getChat > should return null when chat does not exist
44 | 
45 | describe("local-storage", () => {
46 |   beforeEach(() => {
47 |     localStorageMock = createLocalStorageMock();
48 |     // Stub both window and localStorage as the module uses both
49 |     vi.stubGlobal("window", {
            ^
TypeError: vi.stubGlobal is not a function. (In 'vi.stubGlobal("window", {
      localStorage: localStorageMock,
      dispatchEvent: vi.fn()
    })', 'vi.stubGlobal' is undefined)
      at <anonymous> (/Users/andretran/Desktop/yurie/lib/__tests__/local-storage.test.ts:49:8)
(fail) local-storage > getChat > should return the chat when it exists [16066192.65ms]

# Unhandled error between tests
-------------------------------
52 |     });
53 |     vi.stubGlobal("localStorage", localStorageMock);
54 |   });
55 | 
56 |   afterEach(() => {
57 |     vi.unstubAllGlobals();
            ^
TypeError: vi.unstubAllGlobals is not a function. (In 'vi.unstubAllGlobals()', 'vi.unstubAllGlobals' is undefined)
      at <anonymous> (/Users/andretran/Desktop/yurie/lib/__tests__/local-storage.test.ts:57:8)
-------------------------------

(fail) local-storage > Ć
╚²  eturn the chat when it exists
44 | 
45 | describe("local-storage", () => {
46 |   beforeEach(() => {
47 |     localStorageMock = createLocalStorageMock();
48 |     // Stub both window and localStorage as the module uses both
49 |     vi.stubGlobal("window", {
            ^
TypeError: vi.stubGlobal is not a function. (In 'vi.stubGlobal("window", {
      localStorage: localStorageMock,
      dispatchEvent: vi.fn()
    })', 'vi.stubGlobal' is undefined)
      at <anonymous> (/Users/andretran/Desktop/yurie/lib/__tests__/local-storage.test.ts:49:8)
(fail) local-storage > createChat > should create a new chat with generated id [16066192.65ms]

# Unhandled error between tests
-------------------------------
52 |     });
53 |     vi.stubGlobal("localStorage", localStorageMock);
54 |   });
55 | 
56 |   afterEach(() => {
57 |     vi.unstubAllGlobals();
            ^
TypeError: vi.unstubAllGlobals is not a function. (In 'vi.unstubAllGlobals()', 'vi.unstubAllGlobals' is undefined)
      at <anonymous> (/Users/andretran/Desktop/yurie/lib/__tests__/local-storage.test.ts:57:8)
-------------------------------

(fail) local-storage > createChat > should create a new chat with generated id
44 | 
45 | describe("local-storage", () => {
46 |   beforeEach(() => {
47 |     localStorageMock = createLocalStorageMock();
48 |     // Stub both window and localStorage as the module uses both
49 |     vi.stubGlobal("window", {
            ^
TypeError: vi.stubGlobal is not a function. (In 'vi.stubGlobal("window", {
      localStorage: localStorageMock,
      dispatchEvent: vi.fn()
    })', 'vi.stubGlobal' is undefined)
      at <anonymous> (/Users/andretran/Desktop/yurie/lib/__tests__/local-storage.test.ts:49:8)
(fail) local-storage > createChat > should trim whitespace from title [16066192.73ms]

# Unhandled error between tests
-------------------------------
52 |     });
53 |     vi.stubGlobal("localStorage", localStorageMock);
54 |   });
55 | 
56 |   afterEach(() => {
57 |     vi.unstubAllGlobals();
            ^
TypeError: vi.unstubAllGlobals is not a function. (In 'vi.unstubAllGlobals()', 'vi.unstubAllGlobals' is undefined)
      at <anonymous> (/Users/andretran/Desktop/yurie/lib/__tests__/local-storage.test.ts:57:8)
-------------------------------

(fail) local-storage > createChat > should trim whitespace from title
44 | 
45 | describe("local-storage", () => {
46 |   beforeEach(() => {
47 |     localStorageMock = createLocalStorageMock();
48 |     // Stub both window and localStorage as the module uses both
49 |     vi.stubGlobal("window", {
            ^
TypeError: vi.stubGlobal is not a function. (In 'vi.stubGlobal("window", {
      localStorage: localStorageMock,
      dispatchEvent: vi.fn()
    })', 'vi.stubGlobal' is undefined)
      at <anonymous> (/Users/andretran/Desktop/yurie/lib/__tests__/local-storage.test.ts:49:8)
(fail) local-storage > createChat > should use default title for empty string [16066192.73ms]

# Unhandled error between tests
-------------------------------
52 |     });
53 |     vi.stubGlobal("localStorage", localStorageMock);
54 |   });
55 | 
56 |   afterEach(() => {
57 |     vi.unstubAllGlobals();
            ^
TypeError: vi.unstubAllGlobals is not a function. (In 'vi.unstubAllGlobals()', 'vi.unstubAllGlobals' is undefined)
      at <anonymous> (/Users/andretran/Desktop/yurie/lib/__tests__/local-storage.test.ts:57:8)
-------------------------------

(fail) local-storage > createChat > should use default title for empty string
44 | 
45 | describe("local-storage", () => {
46 |   beforeEach(() => {
47 |     localStorageMock = createLocalStorageMock();
48 |     // Stub both window and localStorage as the module uses both
49 |     vi.stubGlobal("window", {
            ^
TypeError: vi.stubGlobal is not a function. (In 'vi.stubGlobal("window", {
      localStorage: localStorageMock,
      dispatchEvent: vi.fn()
    })', 'vi.stubGlobal' is undefined)
      at <anonymous> (/Users/andretran/Desktop/yurie/lib/__tests__/local-storage.test.ts:49:8)
(fail) local-storage > createChat > should use default title for whitespace-only string [16066192.83ms]

# Unhandled error between tests
-------------------------------
52 |     });
53 |     vi.stubGlobal("localStorage", localStorageMock);
54 |   });
55 | 
56 |   afterEach(() => {
57 |     vi.unstubAllGlobals();
            ^
TypeError: vi.unstubAllGlobals is not a function. (In 'vi.unstubAllGlobals()', 'vi.unstubAllGlobals' is undefined)
      at <anonymous> (/Users/andretran/Desktop/yurie/lib/__tests__/local-storage.test.ts:57:8)
-------------------------------

(fail) local-storage > createChat > should use default title for whitespace-only string
44 | 
45 | describe("local-storage", () => {
46 |   beforeEach(() => {
47 |     localStorageMock = createLocalStorageMock();
48 |     // Stub both window and localStorage as the module uses both
49 |     vi.stubGlobal("window", {
            ^
TypeError: vi.stubGlobal is not a function. (In 'vi.stubGlobal("window", {
      localStorage: localStorageMock,
      dispatchEvent: vi.fn()
    })', 'vi.stubGlobal' is undefined)
      at <anonymous> (/Users/andretran/Desktop/yurie/lib/__tests__/local-storage.test.ts:49:8)
(fail) local-storage > createChat > should add chat to the beginning of the list [16066192.83ms]

# Unhandled error between tests
-------------------------------
52 |     });
53 |     vi.stubGlobal("localStorage", localStorageMock);
54 |   });
55 | 
56 |   afterEach(() => {
57 |     vi.unstubAllGlobals();
            ^
TypeError: vi.unstubAllGlobals is not a function. (In 'vi.unstubAllGlobals()', 'vi.unstubAllGlobals' is undefined)
      at <anonymous> (/Users/andretran/Desktop/yurie/lib/__tests__/local-storage.test.ts:57:8)
-------------------------------

(fail) local-storage > @╚²  dd chat to the beginning of the list
44 | 
45 | describe("local-storage", () => {
46 |   beforeEach(() => {
47 |     localStorageMock = createLocalStorageMock();
48 |     // Stub both window and localStorage as the module uses both
49 |     vi.stubGlobal("window", {
            ^
TypeError: vi.stubGlobal is not a function. (In 'vi.stubGlobal("window", {
      localStorage: localStorageMock,
      dispatchEvent: vi.fn()
    })', 'vi.stubGlobal' is undefined)
      at <anonymous> (/Users/andretran/Desktop/yurie/lib/__tests__/local-storage.test.ts:49:8)
(fail) local-storage > updateChat > should return null when chat does not exist [16066192.83ms]

# Unhandled error between tests
-------------------------------
52 |     });
53 |     vi.stubGlobal("localStorage", localStorageMock);
54 |   });
55 | 
56 |   afterEach(() => {
57 |     vi.unstubAllGlobals();
            ^
TypeError: vi.unstubAllGlobals is not a function. (In 'vi.unstubAllGlobals()', 'vi.unstubAllGlobals' is undefined)
      at <anonymous> (/Users/andretran/Desktop/yurie/lib/__tests__/local-storage.test.ts:57:8)
-------------------------------

(fail) local-storage > updateChat > should return null when chat does not exist
44 | 
45 | describe("local-storage", () => {
46 |   beforeEach(() => {
47 |     localStorageMock = createLocalStorageMock();
48 |     // Stub both window and localStorage as the module uses both
49 |     vi.stubGlobal("window", {
            ^
TypeError: vi.stubGlobal is not a function. (In 'vi.stubGlobal("window", {
      localStorage: localStorageMock,
      dispatchEvent: vi.fn()
    })', 'vi.stubGlobal' is undefined)
      at <anonymous> (/Users/andretran/Desktop/yurie/lib/__tests__/local-storage.test.ts:49:8)
(fail) local-storage > updateChat > should update chat title [16066192.94ms]

# Unhandled error between tests
-------------------------------
52 |     });
53 |     vi.stubGlobal("localStorage", localStorageMock);
54 |   });
55 | 
56 |   afterEach(() => {
57 |     vi.unstubAllGlobals();
            ^
TypeError: vi.unstubAllGlobals is not a function. (In 'vi.unstubAllGlobals()', 'vi.unstubAllGlobals' is undefined)
      at <anonymous> (/Users/andretran/Desktop/yurie/lib/__tests__/local-storage.test.ts:57:8)
-------------------------------

(fail) local-storage > updateChat > should update chat title
44 | 
45 | describe("local-storage", () => {
46 |   beforeEach(() => {
47 |     localStorageMock = createLocalStorageMock();
48 |     // Stub both window and localStorage as the module uses both
49 |     vi.stubGlobal("window", {
            ^
TypeError: vi.stubGlobal is not a function. (In 'vi.stubGlobal("window", {
      localStorage: localStorageMock,
      dispatchEvent: vi.fn()
    })', 'vi.stubGlobal' is undefined)
      at <anonymous> (/Users/andretran/Desktop/yurie/lib/__tests__/local-storage.test.ts:49:8)
(fail) local-storage > updateChat > should trim title whitespace on update [16066192.96ms]

# Unhandled error between tests
-------------------------------
52 |     });
53 |     vi.stubGlobal("localStorage", localStorageMock);
54 |   });
55 | 
56 |   afterEach(() => {
57 |     vi.unstubAllGlobals();
            ^
TypeError: vi.unstubAllGlobals is not a function. (In 'vi.unstubAllGlobals()', 'vi.unstubAllGlobals' is undefined)
      at <anonymous> (/Users/andretran/Desktop/yurie/lib/__tests__/local-storage.test.ts:57:8)
-------------------------------

(fail) local-storage > updateChat > should trim title whitespace on update
44 | 
45 | describe("local-storage", () => {
46 |   beforeEach(() => {
47 |     localStorageMock = createLocalStorageMock();
48 |     // Stub both window and localStorage as the module uses both
49 |     vi.stubGlobal("window", {
            ^
TypeError: vi.stubGlobal is not a function. (In 'vi.stubGlobal("window", {
      localStorage: localStorageMock,
      dispatchEvent: vi.fn()
    })', 'vi.stubGlobal' is undefined)
      at <anonymous> (/Users/andretran/Desktop/yurie/lib/__tests__/local-storage.test.ts:49:8)
(fail) local-storage > updateChat > should use default title for empty update [16066192.96ms]

# Unhandled error between tests
-------------------------------
52 |     });
53 |     vi.stubGlobal("localStorage", localStorageMock);
54 |   });
55 | 
56 |   afterEach(() => {
57 |     vi.unstubAllGlobals();
            ^
TypeError: vi.unstubAllGlobals is not a function. (In 'vi.unstubAllGlobals()', 'vi.unstubAllGlobals' is undefined)
      at <anonymous> (/Users/andretran/Desktop/yurie/lib/__tests__/local-storage.test.ts:57:8)
-------------------------------

(fail) local-storage > updateChat > should use default title for empty update
44 | 
45 | describe("local-storage", () => {
46 |   beforeEach(() => {
47 |     localStorageMock = createLocalStorageMock();
48 |     // Stub both window and localStorage as the module uses both
49 |     vi.stubGlobal("window", {
            ^
TypeError: vi.stubGlobal is not a function. (In 'vi.stubGlobal("window", {
      localStorage: localStorageMock,
      dispatchEvent: vi.fn()
    })', 'vi.stubGlobal' is undefined)
      at <anonymous> (/Users/andretran/Desktop/yurie/lib/__tests__/local-storage.test.ts:49:8)
(fail) local-storage > updateChat > should update isPinned status [16066192.96ms]

# Unhandled error between tests
-------------------------------
52 |     });
53 |     vi.stubGlobal("localStorage", localStorageMock);
54 |   });
55 | 
56 |   afterEach(() => {
57 |     vi.unstubAllGlobals();
            ^
TypeError: vi.unstubAllGlobals is not a function. (In 'vi.unstubAllGlobals()', 'vi.unstubAllGlobals' is undefined)
      at <anonymous> (/Users/andretran/Desktop/yurie/lib/__tests__/local-storage.test.ts:57:8)
-------------------------------

(fail) local-storage > updateChat > should update isPinned status
44 | 
45 | describe("local-storage", () => {
46 |   beforeEach(() => {
47 |     localStorageMock = createLocalStorageMock();
48 |     // Stub both window and localStorage as the module uses both
49 |     vi.stubGlobal("window", {
            ^
TypeError: vi.stubGlobal is not a function. (In 'vi.stubGlobal("window", {
      localStorage: localStorageMock,
      dispatchEvent: vi.fn()
    })', 'vi.stubGlobal' is undefined)
      at <anonymous> (/Users/andretran/Desktop/yurie/lib/__tests__/local-storage.test.ts:49:8)
(fail) local-storage > updateChat > should preserve other fields when updating [16066193.09ms]

# Unhandled error between tests
-------------------------------
52 |     });
53 |     vi.stubGlobal("localStorage", localStorageMock);
54 |   });
55 | 
56 |   afterEach(() => {
57 |     vi.unstubAllGlobals();
            ^
TypeError: vi.unstubAllGlobals is not a function. (In 'vi.unstubAllGlobals()', 'vi.unstubAllGlobals' is undefined)
      at <anonymous> (/Users/andretran/Desktop/yurie/lib/__tests__/local-storage.test.ts:57:8)
-------------------------------

(fail) local-storage >  ╚²  reserve other fields when updating
44 | 
45 | describe("local-storage", () => {
46 |   beforeEach(() => {
47 |     localStorageMock = createLocalStorageMock();
48 |     // Stub both window and localStorage as the module uses both
49 |     vi.stubGlobal("window", {
            ^
TypeError: vi.stubGlobal is not a function. (In 'vi.stubGlobal("window", {
      localStorage: localStorageMock,
      dispatchEvent: vi.fn()
    })', 'vi.stubGlobal' is undefined)
      at <anonymous> (/Users/andretran/Desktop/yurie/lib/__tests__/local-storage.test.ts:49:8)
(fail) local-storage > deleteChat > should return false when chat does not exist [16066193.11ms]

# Unhandled error between tests
-------------------------------
52 |     });
53 |     vi.stubGlobal("localStorage", localStorageMock);
54 |   });
55 | 
56 |   afterEach(() => {
57 |     vi.unstubAllGlobals();
            ^
TypeError: vi.unstubAllGlobals is not a function. (In 'vi.unstubAllGlobals()', 'vi.unstubAllGlobals' is undefined)
      at <anonymous> (/Users/andretran/Desktop/yurie/lib/__tests__/local-storage.test.ts:57:8)
-------------------------------

(fail) local-storage > deleteChat > should return false when chat does not exist
44 | 
45 | describe("local-storage", () => {
46 |   beforeEach(() => {
47 |     localStorageMock = createLocalStorageMock();
48 |     // Stub both window and localStorage as the module uses both
49 |     vi.stubGlobal("window", {
            ^
TypeError: vi.stubGlobal is not a function. (In 'vi.stubGlobal("window", {
      localStorage: localStorageMock,
      dispatchEvent: vi.fn()
    })', 'vi.stubGlobal' is undefined)
      at <anonymous> (/Users/andretran/Desktop/yurie/lib/__tests__/local-storage.test.ts:49:8)
(fail) local-storage > deleteChat > should delete the chat and return true [16066193.14ms]

# Unhandled error between tests
-------------------------------
52 |     });
53 |     vi.stubGlobal("localStorage", localStorageMock);
54 |   });
55 | 
56 |   afterEach(() => {
57 |     vi.unstubAllGlobals();
            ^
TypeError: vi.unstubAllGlobals is not a function. (In 'vi.unstubAllGlobals()', 'vi.unstubAllGlobals' is undefined)
      at <anonymous> (/Users/andretran/Desktop/yurie/lib/__tests__/local-storage.test.ts:57:8)
-------------------------------

(fail) local-storage > deleteChat > should delete the chat and return true
44 | 
45 | describe("local-storage", () => {
46 |   beforeEach(() => {
47 |     localStorageMock = createLocalStorageMock();
48 |     // Stub both window and localStorage as the module uses both
49 |     vi.stubGlobal("window", {
            ^
TypeError: vi.stubGlobal is not a function. (In 'vi.stubGlobal("window", {
      localStorage: localStorageMock,
      dispatchEvent: vi.fn()
    })', 'vi.stubGlobal' is undefined)
      at <anonymous> (/Users/andretran/Desktop/yurie/lib/__tests__/local-storage.test.ts:49:8)
(fail) local-storage > deleteChat > should also delete all messages for the chat [16066193.20ms]

# Unhandled error between tests
-------------------------------
52 |     });
53 |     vi.stubGlobal("localStorage", localStorageMock);
54 |   });
55 | 
56 |   afterEach(() => {
57 |     vi.unstubAllGlobals();
            ^
TypeError: vi.unstubAllGlobals is not a function. (In 'vi.unstubAllGlobals()', 'vi.unstubAllGlobals' is undefined)
      at <anonymous> (/Users/andretran/Desktop/yurie/lib/__tests__/local-storage.test.ts:57:8)
-------------------------------

(fail) local-storage > É╚²  lso delete all messages for the chat
44 | 
45 | describe("local-storage", () => {
46 |   beforeEach(() => {
47 |     localStorageMock = createLocalStorageMock();
48 |     // Stub both window and localStorage as the module uses both
49 |     vi.stubGlobal("window", {
            ^
TypeError: vi.stubGlobal is not a function. (In 'vi.stubGlobal("window", {
      localStorage: localStorageMock,
      dispatchEvent: vi.fn()
    })', 'vi.stubGlobal' is undefined)
      at <anonymous> (/Users/andretran/Desktop/yurie/lib/__tests__/local-storage.test.ts:49:8)
(fail) local-storage > getMessages > should return empty array when no messages exist [16066193.20ms]

# Unhandled error between tests
-------------------------------
52 |     });
53 |     vi.stubGlobal("localStorage", localStorageMock);
54 |   });
55 | 
56 |   afterEach(() => {
57 |     vi.unstubAllGlobals();
            ^
TypeError: vi.unstubAllGlobals is not a function. (In 'vi.unstubAllGlobals()', 'vi.unstubAllGlobals' is undefined)
      at <anonymous> (/Users/andretran/Desktop/yurie/lib/__tests__/local-storage.test.ts:57:8)
-------------------------------

(fail) local-storage > getMessages > should return empty array when no messages exist
44 | 
45 | describe("local-storage", () => {
46 |   beforeEach(() => {
47 |     localStorageMock = createLocalStorageMock();
48 |     // Stub both window and localStorage as the module uses both
49 |     vi.stubGlobal("window", {
            ^
TypeError: vi.stubGlobal is not a function. (In 'vi.stubGlobal("window", {
      localStorage: localStorageMock,
      dispatchEvent: vi.fn()
    })', 'vi.stubGlobal' is undefined)
      at <anonymous> (/Users/andretran/Desktop/yurie/lib/__tests__/local-storage.test.ts:49:8)
(fail) local-storage > getMessages > should return only messages for the specified chat [16066193.27ms]

# Unhandled error between tests
-------------------------------
52 |     });
53 |     vi.stubGlobal("localStorage", localStorageMock);
54 |   });
55 | 
56 |   afterEach(() => {
57 |     vi.unstubAllGlobals();
            ^
TypeError: vi.unstubAllGlobals is not a function. (In 'vi.unstubAllGlobals()', 'vi.unstubAllGlobals' is undefined)
      at <anonymous> (/Users/andretran/Desktop/yurie/lib/__tests__/local-storage.test.ts:57:8)
-------------------------------

(fail) local-storage > getMessages > should return only messages for the specified chat
44 | 
45 | describe("local-storage", () => {
46 |   beforeEach(() => {
47 |     localStorageMock = createLocalStorageMock();
48 |     // Stub both window and localStorage as the module uses both
49 |     vi.stubGlobal("window", {
            ^
TypeError: vi.stubGlobal is not a function. (In 'vi.stubGlobal("window", {
      localStorage: localStorageMock,
      dispatchEvent: vi.fn()
    })', 'vi.stubGlobal' is undefined)
      at <anonymous> (/Users/andretran/Desktop/yurie/lib/__tests__/local-storage.test.ts:49:8)
(fail) local-storage > getMessages > should return messages sorted by createdAt [16066193.28ms]

# Unhandled error between tests
-------------------------------
52 |     });
53 |     vi.stubGlobal("localStorage", localStorageMock);
54 |   });
55 | 
56 |   afterEach(() => {
57 |     vi.unstubAllGlobals();
            ^
TypeError: vi.unstubAllGlobals is not a function. (In 'vi.unstubAllGlobals()', 'vi.unstubAllGlobals' is undefined)
      at <anonymous> (/Users/andretran/Desktop/yurie/lib/__tests__/local-storage.test.ts:57:8)
-------------------------------

(fail) local-storage > getMessages > should return messages sorted by createdAt
44 | 
45 | describe("local-storage", () => {
46 |   beforeEach(() => {
47 |     localStorageMock = createLocalStorageMock();
48 |     // Stub both window and localStorage as the module uses both
49 |     vi.stubGlobal("window", {
            ^
TypeError: vi.stubGlobal is not a function. (In 'vi.stubGlobal("window", {
      localStorage: localStorageMock,
      dispatchEvent: vi.fn()
    })', 'vi.stubGlobal' is undefined)
      at <anonymous> (/Users/andretran/Desktop/yurie/lib/__tests__/local-storage.test.ts:49:8)
(fail) local-storage > getMessages > should return empty array when window is undefined [16066193.28ms]

# Unhandled error between tests
-------------------------------
52 |     });
53 |     vi.stubGlobal("localStorage", localStorageMock);
54 |   });
55 | 
56 |   afterEach(() => {
57 |     vi.unstubAllGlobals();
            ^
TypeError: vi.unstubAllGlobals is not a function. (In 'vi.unstubAllGlobals()', 'vi.unstubAllGlobals' is undefined)
      at <anonymous> (/Users/andretran/Desktop/yurie/lib/__tests__/local-storage.test.ts:57:8)
-------------------------------

(fail) local-storage >  0n╚²  eturn empty array when window is undefined
44 | 
45 | describe("local-storage", () => {
46 |   beforeEach(() => {
47 |     localStorageMock = createLocalStorageMock();
48 |     // Stub both window and localStorage as the module uses both
49 |     vi.stubGlobal("window", {
            ^
TypeError: vi.stubGlobal is not a function. (In 'vi.stubGlobal("window", {
      localStorage: localStorageMock,
      dispatchEvent: vi.fn()
    })', 'vi.stubGlobal' is undefined)
      at <anonymous> (/Users/andretran/Desktop/yurie/lib/__tests__/local-storage.test.ts:49:8)
(fail) local-storage > saveMessage > should save a message and return it [16066193.37ms]

# Unhandled error between tests
-------------------------------
52 |     });
53 |     vi.stubGlobal("localStorage", localStorageMock);
54 |   });
55 | 
56 |   afterEach(() => {
57 |     vi.unstubAllGlobals();
            ^
TypeError: vi.unstubAllGlobals is not a function. (In 'vi.unstubAllGlobals()', 'vi.unstubAllGlobals' is undefined)
      at <anonymous> (/Users/andretran/Desktop/yurie/lib/__tests__/local-storage.test.ts:57:8)
-------------------------------

(fail) local-storage > saveMessage > should save a message and return it
44 | 
45 | describe("local-storage", () => {
46 |   beforeEach(() => {
47 |     localStorageMock = createLocalStorageMock();
48 |     // Stub both window and localStorage as the module uses both
49 |     vi.stubGlobal("window", {
            ^
TypeError: vi.stubGlobal is not a function. (In 'vi.stubGlobal("window", {
      localStorage: localStorageMock,
      dispatchEvent: vi.fn()
    })', 'vi.stubGlobal' is undefined)
      at <anonymous> (/Users/andretran/Desktop/yurie/lib/__tests__/local-storage.test.ts:49:8)
(fail) local-storage > saveMessage > should update parent chat timestamp when saving message [16066193.39ms]

# Unhandled error between tests
-------------------------------
52 |     });
53 |     vi.stubGlobal("localStorage", localStorageMock);
54 |   });
55 | 
56 |   afterEach(() => {
57 |     vi.unstubAllGlobals();
            ^
TypeError: vi.unstubAllGlobals is not a function. (In 'vi.unstubAllGlobals()', 'vi.unstubAllGlobals' is undefined)
      at <anonymous> (/Users/andretran/Desktop/yurie/lib/__tests__/local-storage.test.ts:57:8)
-------------------------------

(fail) local-storage > @0n╚²  pdate parent chat timestamp when saving message
44 | 
45 | describe("local-storage", () => {
46 |   beforeEach(() => {
47 |     localStorageMock = createLocalStorageMock();
48 |     // Stub both window and localStorage as the module uses both
49 |     vi.stubGlobal("window", {
            ^
TypeError: vi.stubGlobal is not a function. (In 'vi.stubGlobal("window", {
      localStorage: localStorageMock,
      dispatchEvent: vi.fn()
    })', 'vi.stubGlobal' is undefined)
      at <anonymous> (/Users/andretran/Desktop/yurie/lib/__tests__/local-storage.test.ts:49:8)
(fail) local-storage > deleteMessage > should return false when message does not exist [16066193.39ms]

# Unhandled error between tests
-------------------------------
52 |     });
53 |     vi.stubGlobal("localStorage", localStorageMock);
54 |   });
55 | 
56 |   afterEach(() => {
57 |     vi.unstubAllGlobals();
            ^
TypeError: vi.unstubAllGlobals is not a function. (In 'vi.unstubAllGlobals()', 'vi.unstubAllGlobals' is undefined)
      at <anonymous> (/Users/andretran/Desktop/yurie/lib/__tests__/local-storage.test.ts:57:8)
-------------------------------

(fail) local-storage > deleteMessage > should return false when message does not exist
44 | 
45 | describe("local-storage", () => {
46 |   beforeEach(() => {
47 |     localStorageMock = createLocalStorageMock();
48 |     // Stub both window and localStorage as the module uses both
49 |     vi.stubGlobal("window", {
            ^
TypeError: vi.stubGlobal is not a function. (In 'vi.stubGlobal("window", {
      localStorage: localStorageMock,
      dispatchEvent: vi.fn()
    })', 'vi.stubGlobal' is undefined)
      at <anonymous> (/Users/andretran/Desktop/yurie/lib/__tests__/local-storage.test.ts:49:8)
(fail) local-storage > deleteMessage > should delete the message and all subsequent messages in the same chat [16066193.39ms]

# Unhandled error between tests
-------------------------------
52 |     });
53 |     vi.stubGlobal("localStorage", localStorageMock);
54 |   });
55 | 
56 |   afterEach(() => {
57 |     vi.unstubAllGlobals();
            ^
TypeError: vi.unstubAllGlobals is not a function. (In 'vi.unstubAllGlobals()', 'vi.unstubAllGlobals' is undefined)
      at <anonymous> (/Users/andretran/Desktop/yurie/lib/__tests__/local-storage.test.ts:57:8)
-------------------------------

(fail) local-storage > └T╚²  elete the message and all subsequent messages in the same chat
44 | 
45 | describe("local-storage", () => {
46 |   beforeEach(() => {
47 |     localStorageMock = createLocalStorageMock();
48 |     // Stub both window and localStorage as the module uses both
49 |     vi.stubGlobal("window", {
            ^
TypeError: vi.stubGlobal is not a function. (In 'vi.stubGlobal("window", {
      localStorage: localStorageMock,
      dispatchEvent: vi.fn()
    })', 'vi.stubGlobal' is undefined)
      at <anonymous> (/Users/andretran/Desktop/yurie/lib/__tests__/local-storage.test.ts:49:8)
(fail) local-storage > getSettings > should return empty object when no settings exist [16066193.39ms]

# Unhandled error between tests
-------------------------------
52 |     });
53 |     vi.stubGlobal("localStorage", localStorageMock);
54 |   });
55 | 
56 |   afterEach(() => {
57 |     vi.unstubAllGlobals();
            ^
TypeError: vi.unstubAllGlobals is not a function. (In 'vi.unstubAllGlobals()', 'vi.unstubAllGlobals' is undefined)
      at <anonymous> (/Users/andretran/Desktop/yurie/lib/__tests__/local-storage.test.ts:57:8)
-------------------------------

(fail) local-storage > getSettings > should return empty object when no settings exist
44 | 
45 | describe("local-storage", () => {
46 |   beforeEach(() => {
47 |     localStorageMock = createLocalStorageMock();
48 |     // Stub both window and localStorage as the module uses both
49 |     vi.stubGlobal("window", {
            ^
TypeError: vi.stubGlobal is not a function. (In 'vi.stubGlobal("window", {
      localStorage: localStorageMock,
      dispatchEvent: vi.fn()
    })', 'vi.stubGlobal' is undefined)
      at <anonymous> (/Users/andretran/Desktop/yurie/lib/__tests__/local-storage.test.ts:49:8)
(fail) local-storage > getSettings > should return settings from localStorage [16066193.39ms]

# Unhandled error between tests
-------------------------------
52 |     });
53 |     vi.stubGlobal("localStorage", localStorageMock);
54 |   });
55 | 
56 |   afterEach(() => {
57 |     vi.unstubAllGlobals();
            ^
TypeError: vi.unstubAllGlobals is not a function. (In 'vi.unstubAllGlobals()', 'vi.unstubAllGlobals' is undefined)
      at <anonymous> (/Users/andretran/Desktop/yurie/lib/__tests__/local-storage.test.ts:57:8)
-------------------------------

(fail) local-storage > getSettings > should return settings from localStorage
44 | 
45 | describe("local-storage", () => {
46 |   beforeEach(() => {
47 |     localStorageMock = createLocalStorageMock();
48 |     // Stub both window and localStorage as the module uses both
49 |     vi.stubGlobal("window", {
            ^
TypeError: vi.stubGlobal is not a function. (In 'vi.stubGlobal("window", {
      localStorage: localStorageMock,
      dispatchEvent: vi.fn()
    })', 'vi.stubGlobal' is undefined)
      at <anonymous> (/Users/andretran/Desktop/yurie/lib/__tests__/local-storage.test.ts:49:8)
(fail) local-storage > getSettings > should return empty object when localStorage returns invalid JSON [16066193.39ms]

# Unhandled error between tests
-------------------------------
52 |     });
53 |     vi.stubGlobal("localStorage", localStorageMock);
54 |   });
55 | 
56 |   afterEach(() => {
57 |     vi.unstubAllGlobals();
            ^
TypeError: vi.unstubAllGlobals is not a function. (In 'vi.unstubAllGlobals()', 'vi.unstubAllGlobals' is undefined)
      at <anonymous> (/Users/andretran/Desktop/yurie/lib/__tests__/local-storage.test.ts:57:8)
-------------------------------

(fail) local-storage > getSettings > should return empty object when localStorage returns invalid JSON
44 | 
45 | describe("local-storage", () => {
46 |   beforeEach(() => {
47 |     localStorageMock = createLocalStorageMock();
48 |     // Stub both window and localStorage as the module uses both
49 |     vi.stubGlobal("window", {
            ^
TypeError: vi.stubGlobal is not a function. (In 'vi.stubGlobal("window", {
      localStorage: localStorageMock,
      dispatchEvent: vi.fn()
    })', 'vi.stubGlobal' is undefined)
      at <anonymous> (/Users/andretran/Desktop/yurie/lib/__tests__/local-storage.test.ts:49:8)
(fail) local-storage > getSettings > should return empty object when window is undefined [16066193.39ms]

# Unhandled error between tests
-------------------------------
52 |     });
53 |     vi.stubGlobal("localStorage", localStorageMock);
54 |   });
55 | 
56 |   afterEach(() => {
57 |     vi.unstubAllGlobals();
            ^
TypeError: vi.unstubAllGlobals is not a function. (In 'vi.unstubAllGlobals()', 'vi.unstubAllGlobals' is undefined)
      at <anonymous> (/Users/andretran/Desktop/yurie/lib/__tests__/local-storage.test.ts:57:8)
-------------------------------

(fail) local-storage >  'n╚²  eturn empty object when window is undefined
44 | 
45 | describe("local-storage", () => {
46 |   beforeEach(() => {
47 |     localStorageMock = createLocalStorageMock();
48 |     // Stub both window and localStorage as the module uses both
49 |     vi.stubGlobal("window", {
            ^
TypeError: vi.stubGlobal is not a function. (In 'vi.stubGlobal("window", {
      localStorage: localStorageMock,
      dispatchEvent: vi.fn()
    })', 'vi.stubGlobal' is undefined)
      at <anonymous> (/Users/andretran/Desktop/yurie/lib/__tests__/local-storage.test.ts:49:8)
(fail) local-storage > updateSettings > should merge new settings with existing ones [16066193.39ms]

# Unhandled error between tests
-------------------------------
52 |     });
53 |     vi.stubGlobal("localStorage", localStorageMock);
54 |   });
55 | 
56 |   afterEach(() => {
57 |     vi.unstubAllGlobals();
            ^
TypeError: vi.unstubAllGlobals is not a function. (In 'vi.unstubAllGlobals()', 'vi.unstubAllGlobals' is undefined)
      at <anonymous> (/Users/andretran/Desktop/yurie/lib/__tests__/local-storage.test.ts:57:8)
-------------------------------

(fail) local-storage > updateSettings > should merge new settings with existing ones
44 | 
45 | describe("local-storage", () => {
46 |   beforeEach(() => {
47 |     localStorageMock = createLocalStorageMock();
48 |     // Stub both window and localStorage as the module uses both
49 |     vi.stubGlobal("window", {
            ^
TypeError: vi.stubGlobal is not a function. (In 'vi.stubGlobal("window", {
      localStorage: localStorageMock,
      dispatchEvent: vi.fn()
    })', 'vi.stubGlobal' is undefined)
      at <anonymous> (/Users/andretran/Desktop/yurie/lib/__tests__/local-storage.test.ts:49:8)
(fail) local-storage > updateSettings > should override existing settings with new values [16066193.70ms]

# Unhandled error between tests
-------------------------------
52 |     });
53 |     vi.stubGlobal("localStorage", localStorageMock);
54 |   });
55 | 
56 |   afterEach(() => {
57 |     vi.unstubAllGlobals();
            ^
TypeError: vi.unstubAllGlobals is not a function. (In 'vi.unstubAllGlobals()', 'vi.unstubAllGlobals' is undefined)
      at <anonymous> (/Users/andretran/Desktop/yurie/lib/__tests__/local-storage.test.ts:57:8)
-------------------------------

(fail) local-storage > updateSettings > should override existing settings with new values
44 | 
45 | describe("local-storage", () => {
46 |   beforeEach(() => {
47 |     localStorageMock = createLocalStorageMock();
48 |     // Stub both window and localStorage as the module uses both
49 |     vi.stubGlobal("window", {
            ^
TypeError: vi.stubGlobal is not a function. (In 'vi.stubGlobal("window", {
      localStorage: localStorageMock,
      dispatchEvent: vi.fn()
    })', 'vi.stubGlobal' is undefined)
      at <anonymous> (/Users/andretran/Desktop/yurie/lib/__tests__/local-storage.test.ts:49:8)
(fail) local-storage > updateSettings > should handle window being undefined [16066193.74ms]

# Unhandled error between tests
-------------------------------
52 |     });
53 |     vi.stubGlobal("localStorage", localStorageMock);
54 |   });
55 | 
56 |   afterEach(() => {
57 |     vi.unstubAllGlobals();
            ^
TypeError: vi.unstubAllGlobals is not a function. (In 'vi.unstubAllGlobals()', 'vi.unstubAllGlobals' is undefined)
      at <anonymous> (/Users/andretran/Desktop/yurie/lib/__tests__/local-storage.test.ts:57:8)
-------------------------------

(fail) local-storage > Ó╚²  andle window being undefined
44 | 
45 | describe("local-storage", () => {
46 |   beforeEach(() => {
47 |     localStorageMock = createLocalStorageMock();
48 |     // Stub both window and localStorage as the module uses both
49 |     vi.stubGlobal("window", {
            ^
TypeError: vi.stubGlobal is not a function. (In 'vi.stubGlobal("window", {
      localStorage: localStorageMock,
      dispatchEvent: vi.fn()
    })', 'vi.stubGlobal' is undefined)
      at <anonymous> (/Users/andretran/Desktop/yurie/lib/__tests__/local-storage.test.ts:49:8)
(fail) local-storage > fromUIMessage > should convert UIMessage to LocalMessage format [16066193.74ms]

# Unhandled error between tests
-------------------------------
52 |     });
53 |     vi.stubGlobal("localStorage", localStorageMock);
54 |   });
55 | 
56 |   afterEach(() => {
57 |     vi.unstubAllGlobals();
            ^
TypeError: vi.unstubAllGlobals is not a function. (In 'vi.unstubAllGlobals()', 'vi.unstubAllGlobals' is undefined)
      at <anonymous> (/Users/andretran/Desktop/yurie/lib/__tests__/local-storage.test.ts:57:8)
-------------------------------

(fail) local-storage > fromUIMessage > should convert UIMessage to LocalMessage format
44 | 
45 | describe("local-storage", () => {
46 |   beforeEach(() => {
47 |     localStorageMock = createLocalStorageMock();
48 |     // Stub both window and localStorage as the module uses both
49 |     vi.stubGlobal("window", {
            ^
TypeError: vi.stubGlobal is not a function. (In 'vi.stubGlobal("window", {
      localStorage: localStorageMock,
      dispatchEvent: vi.fn()
    })', 'vi.stubGlobal' is undefined)
      at <anonymous> (/Users/andretran/Desktop/yurie/lib/__tests__/local-storage.test.ts:49:8)
(fail) local-storage > fromUIMessage > should handle UIMessage without text parts [16066193.74ms]

# Unhandled error between tests
-------------------------------
52 |     });
53 |     vi.stubGlobal("localStorage", localStorageMock);
54 |   });
55 | 
56 |   afterEach(() => {
57 |     vi.unstubAllGlobals();
            ^
TypeError: vi.unstubAllGlobals is not a function. (In 'vi.unstubAllGlobals()', 'vi.unstubAllGlobals' is undefined)
      at <anonymous> (/Users/andretran/Desktop/yurie/lib/__tests__/local-storage.test.ts:57:8)
-------------------------------

(fail) local-storage > fromUIMessage > should handle UIMessage without text parts
44 | 
45 | describe("local-storage", () => {
46 |   beforeEach(() => {
47 |     localStorageMock = createLocalStorageMock();
48 |     // Stub both window and localStorage as the module uses both
49 |     vi.stubGlobal("window", {
            ^
TypeError: vi.stubGlobal is not a function. (In 'vi.stubGlobal("window", {
      localStorage: localStorageMock,
      dispatchEvent: vi.fn()
    })', 'vi.stubGlobal' is undefined)
      at <anonymous> (/Users/andretran/Desktop/yurie/lib/__tests__/local-storage.test.ts:49:8)
(fail) local-storage > fromUIMessage > should handle UIMessage with multiple parts [16066193.74ms]

# Unhandled error between tests
-------------------------------
52 |     });
53 |     vi.stubGlobal("localStorage", localStorageMock);
54 |   });
55 | 
56 |   afterEach(() => {
57 |     vi.unstubAllGlobals();
            ^
TypeError: vi.unstubAllGlobals is not a function. (In 'vi.unstubAllGlobals()', 'vi.unstubAllGlobals' is undefined)
      at <anonymous> (/Users/andretran/Desktop/yurie/lib/__tests__/local-storage.test.ts:57:8)
-------------------------------

(fail) local-storage > p╚²  andle UIMessage with multiple parts

 0 pass
 76 fail
 38 errors
Ran 76 tests across 1 files. [22.00ms]
